
> mindex-frontend@0.1.0 build C:\Mindex\mindex-frontend
> next build

  Γû▓ Next.js 14.2.15

   Creating an optimized production build ...
node.exe :  ΓÜá Compiled with warnings
At C:\Users\admin\AppData\Roaming\npm\pnpm.ps1:24 char:5
+     & "node$exe"  "$basedir/node_modules/pnpm/bin/pnpm.cjs" $args
+     ~~~~~~~~~~~~~~~~~~~~~~~~~~~~~~~~~~~~~~~~~~~~~~~~~~~~~~~~~~~~~
    + CategoryInfo          : NotSpecified: ( ΓÜá Compiled with warnings:String) [], RemoteException
    + FullyQualifiedErrorId : NativeCommandError
 

./src/app/(auth)/onboarding/page.tsx
Attempted import error: '@/lib/api' does not contain a default export (imported as 'api').

Import trace for requested module:
./src/app/(auth)/onboarding/page.tsx

./src/app/(auth)/register/page.tsx
Attempted import error: '@/lib/api' does not contain a default export (imported as 'api').

Import trace for requested module:
./src/app/(auth)/register/page.tsx

Failed to compile.

./src/app/globals.css.webpack[javascript/auto]!=!./node_modules/next/dist/build/webpack/loaders/css-loader/src/index.js
??ruleSet[1].rules[14].oneOf[12].use[2]!./node_modules/next/dist/build/webpack/loaders/postcss-loader/src/index.js??rul
eSet[1].rules[14].oneOf[12].use[3]!./src/app/globals.css
Error: Cannot find module 'tailwindcss-animate'
Require stack:
- C:\Mindex\mindex-frontend\tailwind.config.ts
    at Function.<anonymous> (node:internal/modules/cjs/loader:1401:15)
    at C:\Mindex\mindex-frontend\node_modules\next\dist\server\require-hook.js:55:36
    at Function.resolve (node:internal/modules/helpers:145:19)
    at _resolve (C:\Mindex\mindex-frontend\node_modules\jiti\dist\jiti.js:1:246378)
    at jiti (C:\Mindex\mindex-frontend\node_modules\jiti\dist\jiti.js:1:249092)
    at C:\Mindex\mindex-frontend\tailwind.config.ts:82:13
    at evalModule (C:\Mindex\mindex-frontend\node_modules\jiti\dist\jiti.js:1:251913)
    at jiti (C:\Mindex\mindex-frontend\node_modules\jiti\dist\jiti.js:1:249841)
    at C:\Mindex\mindex-frontend\node_modules\tailwindcss\lib\lib\load-config.js:53:30
    at loadConfig (C:\Mindex\mindex-frontend\node_modules\tailwindcss\lib\lib\load-config.js:55:6)

Import trace for requested module:
./src/app/globals.css.webpack[javascript/auto]!=!./node_modules/next/dist/build/webpack/loaders/css-loader/src/index.js
??ruleSet[1].rules[14].oneOf[12].use[2]!./node_modules/next/dist/build/webpack/loaders/postcss-loader/src/index.js??rul
eSet[1].rules[14].oneOf[12].use[3]!./src/app/globals.css
./src/app/globals.css

./src/app/globals.css
Error: Cannot find module 'tailwindcss-animate'
Require stack:
- C:\Mindex\mindex-frontend\tailwind.config.ts
    at Function.<anonymous> (node:internal/modules/cjs/loader:1401:15)
    at C:\Mindex\mindex-frontend\node_modules\next\dist\server\require-hook.js:55:36
    at Function.resolve (node:internal/modules/helpers:145:19)
    at _resolve (C:\Mindex\mindex-frontend\node_modules\jiti\dist\jiti.js:1:246378)
    at jiti (C:\Mindex\mindex-frontend\node_modules\jiti\dist\jiti.js:1:249092)
    at C:\Mindex\mindex-frontend\tailwind.config.ts:82:13
    at evalModule (C:\Mindex\mindex-frontend\node_modules\jiti\dist\jiti.js:1:251913)
    at jiti (C:\Mindex\mindex-frontend\node_modules\jiti\dist\jiti.js:1:249841)
    at C:\Mindex\mindex-frontend\node_modules\tailwindcss\lib\lib\load-config.js:53:30
    at loadConfig (C:\Mindex\mindex-frontend\node_modules\tailwindcss\lib\lib\load-config.js:55:6)
    at tryRunOrWebpackError (C:\Mindex\mindex-frontend\node_modules\next\dist\compiled\webpack\bundle5.js:28:312989)
    at __webpack_require_module__ 
(C:\Mindex\mindex-frontend\node_modules\next\dist\compiled\webpack\bundle5.js:28:131165)
    at __nested_webpack_require_153728__ 
(C:\Mindex\mindex-frontend\node_modules\next\dist\compiled\webpack\bundle5.js:28:130607)
    at C:\Mindex\mindex-frontend\node_modules\next\dist\compiled\webpack\bundle5.js:28:131454
    at symbolIterator (C:\Mindex\mindex-frontend\node_modules\next\dist\compiled\neo-async\async.js:1:14444)
    at done (C:\Mindex\mindex-frontend\node_modules\next\dist\compiled\neo-async\async.js:1:14824)
    at Hook.eval [as callAsync] (eval at create 
(C:\Mindex\mindex-frontend\node_modules\next\dist\compiled\webpack\bundle5.js:13:28858), <anonymous>:15:1)
    at Hook.CALL_ASYNC_DELEGATE [as _callAsync] 
(C:\Mindex\mindex-frontend\node_modules\next\dist\compiled\webpack\bundle5.js:13:26012)
    at C:\Mindex\mindex-frontend\node_modules\next\dist\compiled\webpack\bundle5.js:28:130328
    at symbolIterator (C:\Mindex\mindex-frontend\node_modules\next\dist\compiled\neo-async\async.js:1:14402)
-- inner error --
Error: Cannot find module 'tailwindcss-animate'
Require stack:
- C:\Mindex\mindex-frontend\tailwind.config.ts
    at Function.<anonymous> (node:internal/modules/cjs/loader:1401:15)
    at C:\Mindex\mindex-frontend\node_modules\next\dist\server\require-hook.js:55:36
    at Function.resolve (node:internal/modules/helpers:145:19)
    at _resolve (C:\Mindex\mindex-frontend\node_modules\jiti\dist\jiti.js:1:246378)
    at jiti (C:\Mindex\mindex-frontend\node_modules\jiti\dist\jiti.js:1:249092)
    at C:\Mindex\mindex-frontend\tailwind.config.ts:82:13
    at evalModule (C:\Mindex\mindex-frontend\node_modules\jiti\dist\jiti.js:1:251913)
    at jiti (C:\Mindex\mindex-frontend\node_modules\jiti\dist\jiti.js:1:249841)
    at C:\Mindex\mindex-frontend\node_modules\tailwindcss\lib\lib\load-config.js:53:30
    at loadConfig (C:\Mindex\mindex-frontend\node_modules\tailwindcss\lib\lib\load-config.js:55:6)
    at Object.<anonymous> (C:\Mindex\mindex-frontend\node_modules\next\dist\build\webpack\loaders\css-loader\src\index.
js??ruleSet[1].rules[14].oneOf[12].use[2]!C:\Mindex\mindex-frontend\node_modules\next\dist\build\webpack\loaders\postcs
s-loader\src\index.js??ruleSet[1].rules[14].oneOf[12].use[3]!C:\Mindex\mindex-frontend\src\app\globals.css:1:7)
    at C:\Mindex\mindex-frontend\node_modules\next\dist\compiled\webpack\bundle5.js:28:922493
    at Hook.eval [as call] (eval at create 
(C:\Mindex\mindex-frontend\node_modules\next\dist\compiled\webpack\bundle5.js:13:28636), <anonymous>:7:1)
    at Hook.CALL_DELEGATE [as _call] 
(C:\Mindex\mindex-frontend\node_modules\next\dist\compiled\webpack\bundle5.js:13:25906)
    at C:\Mindex\mindex-frontend\node_modules\next\dist\compiled\webpack\bundle5.js:28:131198
    at tryRunOrWebpackError (C:\Mindex\mindex-frontend\node_modules\next\dist\compiled\webpack\bundle5.js:28:312943)
    at __webpack_require_module__ 
(C:\Mindex\mindex-frontend\node_modules\next\dist\compiled\webpack\bundle5.js:28:131165)
    at __nested_webpack_require_153728__ 
(C:\Mindex\mindex-frontend\node_modules\next\dist\compiled\webpack\bundle5.js:28:130607)
    at C:\Mindex\mindex-frontend\node_modules\next\dist\compiled\webpack\bundle5.js:28:131454
    at symbolIterator (C:\Mindex\mindex-frontend\node_modules\next\dist\compiled\neo-async\async.js:1:14444)

Generated code for C:\Mindex\mindex-frontend\node_modules\next\dist\build\webpack\loaders\css-loader\src\index.js??rule
Set[1].rules[14].oneOf[12].use[2]!C:\Mindex\mindex-frontend\node_modules\next\dist\build\webpack\loaders\postcss-loader
\src\index.js??ruleSet[1].rules[14].oneOf[12].use[3]!C:\Mindex\mindex-frontend\src\app\globals.css

Import trace for requested module:
./src/app/globals.css


> Build failed because of webpack errors
ΓÇëELIFECYCLEΓÇë Command failed with exit code 1.
